============================= test session starts =============================
platform win32 -- Python 3.11.9, pytest-9.0.2, pluggy-1.6.0
rootdir: C:\Users\ASUS\Downloads\biophys-tech-lab-edf
plugins: anyio-4.6.2.post1, langsmith-0.4.9, typeguard-4.2.0
collected 0 items / 1 error

=================================== ERRORS ====================================
______________________ ERROR collecting test/test_ml.py _______________________
test\test_ml.py:4: in <module>
    from src.models.validator import AssetPriceData
src\models\validator.py:6: in <module>
    class AssetPriceData(BaseModel):
src\models\validator.py:37: in AssetPriceData
    @root_validator
     ^^^^^^^^^^^^^^
..\..\AppData\Local\Packages\PythonSoftwareFoundation.Python.3.11_qbz5n2kfra8p0\LocalCache\local-packages\Python311\site-packages\pydantic\deprecated\class_validators.py:234: in root_validator
    return root_validator()(*__args)  # type: ignore
           ^^^^^^^^^^^^^^^^
..\..\AppData\Local\Packages\PythonSoftwareFoundation.Python.3.11_qbz5n2kfra8p0\LocalCache\local-packages\Python311\site-packages\pydantic\deprecated\class_validators.py:240: in root_validator
    raise PydanticUserError(
E   pydantic.errors.PydanticUserError: If you use `@root_validator` with pre=False (the default) you MUST specify `skip_on_failure=True`. Note that `@root_validator` is deprecated and should be replaced with `@model_validator`.
E   
E   For further information visit https://errors.pydantic.dev/2.9/u/root-validator-pre-skip
============================== warnings summary ===============================
src\models\validator.py:16
  C:\Users\ASUS\Downloads\biophys-tech-lab-edf\src\models\validator.py:16: PydanticDeprecatedSince20: Pydantic V1 style `@validator` validators are deprecated. You should migrate to Pydantic V2 style `@field_validator` validators, see the migration guide for more details. Deprecated in Pydantic V2.0 to be removed in V3.0. See Pydantic V2 Migration Guide at https://errors.pydantic.dev/2.9/migration/
    @validator('current_price')

src\models\validator.py:30
  C:\Users\ASUS\Downloads\biophys-tech-lab-edf\src\models\validator.py:30: PydanticDeprecatedSince20: Pydantic V1 style `@validator` validators are deprecated. You should migrate to Pydantic V2 style `@field_validator` validators, see the migration guide for more details. Deprecated in Pydantic V2.0 to be removed in V3.0. See Pydantic V2 Migration Guide at https://errors.pydantic.dev/2.9/migration/
    @validator('volume')

src\models\validator.py:37
  C:\Users\ASUS\Downloads\biophys-tech-lab-edf\src\models\validator.py:37: PydanticDeprecatedSince20: Pydantic V1 style `@root_validator` validators are deprecated. You should migrate to Pydantic V2 style `@model_validator` validators, see the migration guide for more details. Deprecated in Pydantic V2.0 to be removed in V3.0. See Pydantic V2 Migration Guide at https://errors.pydantic.dev/2.9/migration/
    @root_validator

..\..\AppData\Local\Packages\PythonSoftwareFoundation.Python.3.11_qbz5n2kfra8p0\LocalCache\local-packages\Python311\site-packages\pydantic\deprecated\class_validators.py:234
  C:\Users\ASUS\AppData\Local\Packages\PythonSoftwareFoundation.Python.3.11_qbz5n2kfra8p0\LocalCache\local-packages\Python311\site-packages\pydantic\deprecated\class_validators.py:234: PydanticDeprecatedSince20: Pydantic V1 style `@root_validator` validators are deprecated. You should migrate to Pydantic V2 style `@model_validator` validators, see the migration guide for more details. Deprecated in Pydantic V2.0 to be removed in V3.0. See Pydantic V2 Migration Guide at https://errors.pydantic.dev/2.9/migration/
    return root_validator()(*__args)  # type: ignore

-- Docs: https://docs.pytest.org/en/stable/how-to/capture-warnings.html
=========================== short test summary info ===========================
ERROR test/test_ml.py - pydantic.errors.PydanticUserError: If you use `@root_...
!!!!!!!!!!!!!!!!!!! Interrupted: 1 error during collection !!!!!!!!!!!!!!!!!!!!
======================== 4 warnings, 1 error in 1.21s =========================
